[0/2] Re-checking globbed directories...
[1/677] Building CXX object src/CMakeFiles/imgui.dir/ThirdParty/imgui/backends/imgui_impl_opengl2.cpp.obj
[2/677] Building CXX object src/CMakeFiles/imgui.dir/ThirdParty/imgui/backends/imgui_impl_win32.cpp.obj
[3/677] Building C object src/ThirdParty/SDL/CMakeFiles/SDL3-static.dir/cmake_pch.h.gch
[4/677] Building CXX object src/ThirdParty/SDL/CMakeFiles/SDL3-static.dir/cmake_pch.hxx.gch
[5/677] Building C object src/ThirdParty/SDL/CMakeFiles/SDL3-static.dir/src/SDL.c.obj
[6/677] Building C object src/ThirdParty/SDL/CMakeFiles/SDL3-static.dir/src/SDL_assert.c.obj
[7/677] Building C object src/ThirdParty/SDL/CMakeFiles/SDL3-static.dir/src/SDL_error.c.obj
[8/677] ResxGen: regenerating C++ I18N accessors from .resx
Skipping Game entry with no ASCII identifier: '¼ºÁÖÀÇ Ç¥½Ä µî·Ï ÇöÈ²'
Skipping Game entry with no ASCII identifier: '¼ºÁÖÀÇ Ç¥½Ä µî·Ï ¼øÀ§'
Skipping Game entry with no ASCII identifier: 'µî·Ï °³¼ö'
Skipping Game entry with no ASCII identifier: '¿ì¸® ±æµå ÇöÈ²'
Skipping Game entry with no ASCII identifier: 'µÚ·Î°¡±â'
Skipping Game entry with no ASCII identifier: 'µî·Ï °¡´É'
Skipping Game entry with no ASCII identifier: 'µî·Ï ºÒ°¡'
Skipping Game entry with no ASCII identifier: 'µî·ÏÇÒ ¼ºÁÖÀÇ Ç¥½Ä °³¼ö : %d°³'
Skipping Game entry with no ASCII identifier: 'µî·ÏÇÒ ¼ºÁÖÀÇ Ç¥½ÄÀ» Á¶ÇÕÃ¢¿¡ ¿Ã·ÁÁÖ¼¼¿ä'
Skipping Game entry with no ASCII identifier: 'µî·ÏµÈ ¼ºÁÖÀÇ Ç¥½Ä °³¼ö: %d°³'
Skipping Game entry with no ASCII identifier: '¼ºÁÖÀÇ Ç¥½Ä µî·Ï'
Skipping Game entry with no ASCII identifier: '¼ºÁÖÀÇ Ç¥½ÄÀ» µî·ÏÇÏ½Ã°Ú½À´Ï±î?'
Skipping Game entry with no ASCII identifier: '¼ºÁÖÀÇ Ç¥½Ä µî·ÏÀÌ ¿Ï·áµÇ¾ú½À´Ï´Ù.'
Skipping Game entry with no ASCII identifier: '¼ºÁÖÀÇ Ç¥½Ä µî·ÏÀÌ ½ÇÆÐÇÏ¿´½À´Ï´Ù.'
Skipping Game entry with no ASCII identifier: 'ｼﾓｼｺ'
Skipping Game entry with no ASCII identifier: 'ﾆﾇﾅｸｱﾗｷ･ ﾁ､ｺｸ'
Skipping Game entry with no ASCII identifier: 'ﾀ盂ﾝ'
Skipping Game entry with no ASCII identifier: 'ﾇﾘﾁｦ'
Skipping Game entry with no ASCII identifier: 'Àû´ë±æµå¸¦ ÇØÁ¦ÇÒ ±æµå¸íÀ» ¼±ÅÃÇØ ÁÖ¼¼¿ä'
Skipping Game entry with no ASCII identifier: '±æµå¸¦ Àû´ë±æµå¿¡¼­ ÇØÁ¦ÇÏ½Ã°Ú½À´Ï±î?'
Skipping Game entry with no ASCII identifier: '¼­¹ö'
Skipping Game entry with no ASCII identifier: 'ÀüÃ¼¼ö¸®ºñ¿ë'
Skipping Game entry with no ASCII identifier: 'ÇØ´ç ±æµå°¡ Á¸ÀçÇÏÁö ¾Ê½À´Ï´Ù'
Skipping Game entry with no ASCII identifier: '°Å·¡ ½ÂÀÎ ´ë±âÁß'
ResxGen: wrote 4 group(s) to G:/Files/Mu/MuMain/build-mingw/Generated/I18N
[9/677] Building C object src/ThirdParty/SDL/CMakeFiles/SDL3-static.dir/src/SDL_guid.c.obj
[10/677] Building C object src/ThirdParty/SDL/CMakeFiles/SDL3-static.dir/src/SDL_hashtable.c.obj
[11/677] Building C object src/ThirdParty/SDL/CMakeFiles/SDL3-static.dir/src/SDL_hints.c.obj
[12/677] Building C object src/ThirdParty/SDL/CMakeFiles/SDL3-static.dir/src/SDL_list.c.obj
[13/677] Building C object src/ThirdParty/SDL/CMakeFiles/SDL3-static.dir/src/SDL_properties.c.obj
[14/677] Building C object src/ThirdParty/SDL/CMakeFiles/SDL3-static.dir/src/SDL_log.c.obj
[15/677] Building CXX object src/CMakeFiles/imgui.dir/ThirdParty/imgui/imgui_tables.cpp.obj
[16/677] Building C object src/ThirdParty/SDL/CMakeFiles/SDL3-static.dir/src/atomic/SDL_atomic.c.obj
[17/677] Building C object src/ThirdParty/SDL/CMakeFiles/SDL3-static.dir/src/SDL_utils.c.obj
[18/677] Building C object src/ThirdParty/SDL/CMakeFiles/SDL3-static.dir/src/atomic/SDL_spinlock.c.obj
[19/677] Building C object src/ThirdParty/SDL/CMakeFiles/SDL3-static.dir/src/audio/SDL_audiodev.c.obj
[20/677] Building C object src/ThirdParty/SDL/CMakeFiles/SDL3-static.dir/src/audio/SDL_audioqueue.c.obj
[21/677] Building C object src/ThirdParty/SDL/CMakeFiles/SDL3-static.dir/src/audio/SDL_audioresample.c.obj
[22/677] Building C object src/ThirdParty/SDL/CMakeFiles/SDL3-static.dir/src/audio/SDL_audio.c.obj
[23/677] Building C object src/ThirdParty/SDL/CMakeFiles/SDL3-static.dir/src/audio/SDL_mixer.c.obj
[24/677] Building C object src/ThirdParty/SDL/CMakeFiles/SDL3-static.dir/src/audio/SDL_audiocvt.c.obj
[25/677] Building C object src/ThirdParty/SDL/CMakeFiles/SDL3-static.dir/src/audio/SDL_audiotypecvt.c.obj
[26/677] Building C object src/ThirdParty/SDL/CMakeFiles/SDL3-static.dir/src/core/SDL_core_unsupported.c.obj
[27/677] Building C object src/ThirdParty/SDL/CMakeFiles/SDL3-static.dir/src/audio/SDL_wave.c.obj
[28/677] Building C object src/ThirdParty/SDL/CMakeFiles/SDL3-static.dir/src/cpuinfo/SDL_cpuinfo.c.obj
[29/677] Building C object src/ThirdParty/SDL/CMakeFiles/SDL3-static.dir/src/events/SDL_categories.c.obj
[30/677] Building C object src/ThirdParty/SDL/CMakeFiles/SDL3-static.dir/src/camera/SDL_camera.c.obj
[31/677] Building C object src/ThirdParty/SDL/CMakeFiles/SDL3-static.dir/src/events/SDL_clipboardevents.c.obj
[32/677] Building C object src/ThirdParty/SDL/CMakeFiles/SDL3-static.dir/src/events/SDL_displayevents.c.obj
[33/677] Building C object src/ThirdParty/SDL/CMakeFiles/SDL3-static.dir/src/events/SDL_dropevents.c.obj
[34/677] Building C object src/ThirdParty/SDL/CMakeFiles/SDL3-static.dir/src/events/SDL_eventwatch.c.obj
[35/677] Building C object src/ThirdParty/SDL/CMakeFiles/SDL3-static.dir/src/events/SDL_keyboard.c.obj
[36/677] Building C object src/ThirdParty/SDL/CMakeFiles/SDL3-static.dir/src/events/SDL_events.c.obj
[37/677] Building C object src/ThirdParty/SDL/CMakeFiles/SDL3-static.dir/src/events/SDL_keysym_to_keycode.c.obj
[38/677] Building C object src/ThirdParty/SDL/CMakeFiles/SDL3-static.dir/src/events/SDL_keymap.c.obj
[39/677] Building C object src/ThirdParty/SDL/CMakeFiles/SDL3-static.dir/src/events/SDL_keysym_to_scancode.c.obj
[40/677] Building CXX object src/CMakeFiles/imgui.dir/ThirdParty/imgui/imgui_draw.cpp.obj
[41/677] Building C object src/ThirdParty/SDL/CMakeFiles/SDL3-static.dir/src/events/SDL_pen.c.obj
[42/677] Building C object src/ThirdParty/SDL/CMakeFiles/SDL3-static.dir/src/events/SDL_quit.c.obj
[43/677] Building C object src/ThirdParty/SDL/CMakeFiles/SDL3-static.dir/src/events/SDL_scancode_tables.c.obj
[44/677] Building C object src/ThirdParty/SDL/CMakeFiles/SDL3-static.dir/src/events/SDL_windowevents.c.obj
[45/677] Building C object src/ThirdParty/SDL/CMakeFiles/SDL3-static.dir/src/events/SDL_touch.c.obj
[46/677] Building C object src/ThirdParty/SDL/CMakeFiles/SDL3-static.dir/src/events/imKStoUCS.c.obj
[47/677] Building C object src/ThirdParty/SDL/CMakeFiles/SDL3-static.dir/src/events/SDL_mouse.c.obj
[48/677] Building C object src/ThirdParty/SDL/CMakeFiles/SDL3-static.dir/src/filesystem/SDL_filesystem.c.obj
[49/677] Building C object src/ThirdParty/SDL/CMakeFiles/SDL3-static.dir/src/haptic/SDL_haptic.c.obj
[50/677] Building C object src/ThirdParty/SDL/CMakeFiles/SDL3-static.dir/src/io/SDL_asyncio.c.obj
[51/677] Copying game assets (sources changed)
=== Copying assets from G:/Files/Mu/MuMain/src/bin to G:/Files/Mu/MuMain/build-mingw/src
[52/677] Building C object src/ThirdParty/SDL/CMakeFiles/SDL3-static.dir/src/gpu/SDL_gpu.c.obj
[53/677] Building C object src/ThirdParty/SDL/CMakeFiles/SDL3-static.dir/src/io/generic/SDL_asyncio_generic.c.obj
[54/677] Building C object src/ThirdParty/SDL/CMakeFiles/SDL3-static.dir/src/io/SDL_iostream.c.obj
[55/677] Building C object src/ThirdParty/SDL/CMakeFiles/SDL3-static.dir/src/hidapi/SDL_hidapi.c.obj
[56/677] Building CXX object src/CMakeFiles/imgui.dir/ThirdParty/imgui/imgui_widgets.cpp.obj
[57/677] Building C object src/ThirdParty/SDL/CMakeFiles/SDL3-static.dir/src/joystick/controller_type.c.obj
[58/677] Building C object src/ThirdParty/SDL/CMakeFiles/SDL3-static.dir/src/locale/SDL_locale.c.obj
[59/677] Building C object src/ThirdParty/SDL/CMakeFiles/SDL3-static.dir/src/joystick/SDL_steam_virtual_gamepad.c.obj
[60/677] Building C object src/ThirdParty/SDL/CMakeFiles/SDL3-static.dir/src/main/SDL_runapp.c.obj
[61/677] Building C object src/ThirdParty/SDL/CMakeFiles/SDL3-static.dir/src/misc/SDL_libusb.c.obj
[62/677] Building C object src/ThirdParty/SDL/CMakeFiles/SDL3-static.dir/src/main/SDL_main_callbacks.c.obj
[63/677] Building C object src/ThirdParty/SDL/CMakeFiles/SDL3-static.dir/src/misc/SDL_url.c.obj
[64/677] Building C object src/ThirdParty/SDL/CMakeFiles/SDL3-static.dir/src/power/SDL_power.c.obj
[65/677] Building C object src/ThirdParty/SDL/CMakeFiles/SDL3-static.dir/src/render/SDL_render_unsupported.c.obj
[66/677] Building C object src/ThirdParty/SDL/CMakeFiles/SDL3-static.dir/src/render/SDL_yuv_sw.c.obj
[67/677] Building C object src/ThirdParty/SDL/CMakeFiles/SDL3-static.dir/src/joystick/SDL_gamepad.c.obj
[68/677] Building C object src/ThirdParty/SDL/CMakeFiles/SDL3-static.dir/src/render/direct3d/SDL_shaders_d3d.c.obj
[69/677] Building C object src/ThirdParty/SDL/CMakeFiles/SDL3-static.dir/src/joystick/SDL_joystick.c.obj
[70/677] Building C object src/ThirdParty/SDL/CMakeFiles/SDL3-static.dir/src/render/direct3d/SDL_render_d3d.c.obj
[71/677] Building C object src/ThirdParty/SDL/CMakeFiles/SDL3-static.dir/src/render/direct3d11/SDL_shaders_d3d11.c.obj
[72/677] Building C object src/ThirdParty/SDL/CMakeFiles/SDL3-static.dir/src/render/gpu/SDL_pipeline_gpu.c.obj
[73/677] Building C object src/ThirdParty/SDL/CMakeFiles/SDL3-static.dir/src/render/direct3d12/SDL_shaders_d3d12.c.obj
[74/677] Building C object src/ThirdParty/SDL/CMakeFiles/SDL3-static.dir/src/render/direct3d11/SDL_render_d3d11.c.obj
[75/677] Building C object src/ThirdParty/SDL/CMakeFiles/SDL3-static.dir/src/render/gpu/SDL_render_gpu.c.obj
[76/677] Building C object src/ThirdParty/SDL/CMakeFiles/SDL3-static.dir/src/render/gpu/SDL_shaders_gpu.c.obj
[77/677] Building C object src/ThirdParty/SDL/CMakeFiles/SDL3-static.dir/src/render/ngage/SDL_render_ngage.c.obj
[78/677] Building C object src/ThirdParty/SDL/CMakeFiles/SDL3-static.dir/src/render/opengl/SDL_shaders_gl.c.obj
[79/677] Building C object src/ThirdParty/SDL/CMakeFiles/SDL3-static.dir/src/render/SDL_render.c.obj
[80/677] Building C object src/ThirdParty/SDL/CMakeFiles/SDL3-static.dir/src/render/ps2/SDL_render_ps2.c.obj
[81/677] Building C object src/ThirdParty/SDL/CMakeFiles/SDL3-static.dir/src/render/opengles2/SDL_shaders_gles2.c.obj
[82/677] Building C object src/ThirdParty/SDL/CMakeFiles/SDL3-static.dir/src/render/direct3d12/SDL_render_d3d12.c.obj
[83/677] Building C object src/ThirdParty/SDL/CMakeFiles/SDL3-static.dir/src/render/psp/SDL_render_psp.c.obj
[84/677] Building C object src/ThirdParty/SDL/CMakeFiles/SDL3-static.dir/src/render/opengl/SDL_render_gl.c.obj
[85/677] Building C object src/ThirdParty/SDL/CMakeFiles/SDL3-static.dir/src/render/software/SDL_blendpoint.c.obj
[86/677] Building C object src/ThirdParty/SDL/CMakeFiles/SDL3-static.dir/src/render/opengles2/SDL_render_gles2.c.obj
[87/677] Building C object src/ThirdParty/SDL/CMakeFiles/SDL3-static.dir/src/render/software/SDL_drawpoint.c.obj
[88/677] Building C object src/ThirdParty/SDL/CMakeFiles/SDL3-static.dir/src/render/software/SDL_drawline.c.obj
[89/677] Building C object src/ThirdParty/SDL/CMakeFiles/SDL3-static.dir/src/render/vitagxm/SDL_render_vita_gxm.c.obj
[90/677] Building C object src/ThirdParty/SDL/CMakeFiles/SDL3-static.dir/src/dynapi/SDL_dynapi.c.obj
[91/677] Building C object src/ThirdParty/SDL/CMakeFiles/SDL3-static.dir/src/render/vitagxm/SDL_render_vita_gxm_memory.c.obj
[92/677] Building C object src/ThirdParty/SDL/CMakeFiles/SDL3-static.dir/src/render/vitagxm/SDL_render_vita_gxm_tools.c.obj
[93/677] Building C object src/ThirdParty/SDL/CMakeFiles/SDL3-static.dir/src/render/vulkan/SDL_shaders_vulkan.c.obj
[94/677] Building C object src/ThirdParty/SDL/CMakeFiles/SDL3-static.dir/src/render/software/SDL_render_sw.c.obj
[95/677] Building C object src/ThirdParty/SDL/CMakeFiles/SDL3-static.dir/src/stdlib/SDL_crc16.c.obj
[96/677] Building C object src/ThirdParty/SDL/CMakeFiles/SDL3-static.dir/src/stdlib/SDL_crc32.c.obj
[97/677] Building C object src/ThirdParty/SDL/CMakeFiles/SDL3-static.dir/src/sensor/SDL_sensor.c.obj
[98/677] Building C object src/ThirdParty/SDL/CMakeFiles/SDL3-static.dir/src/stdlib/SDL_iconv.c.obj
[99/677] Building C object src/ThirdParty/SDL/CMakeFiles/SDL3-static.dir/src/stdlib/SDL_getenv.c.obj
[100/677] Building C object src/ThirdParty/SDL/CMakeFiles/SDL3-static.dir/src/stdlib/SDL_malloc.c.obj
[101/677] Building C object src/ThirdParty/SDL/CMakeFiles/SDL3-static.dir/src/stdlib/SDL_memcpy.c.obj
[102/677] Building CXX object src/CMakeFiles/imgui.dir/ThirdParty/imgui/imgui.cpp.obj
[103/677] Building C object src/ThirdParty/SDL/CMakeFiles/SDL3-static.dir/src/stdlib/SDL_memmove.c.obj
[104/677] Building C object src/ThirdParty/SDL/CMakeFiles/SDL3-static.dir/src/stdlib/SDL_memset.c.obj
[105/677] Building C object src/ThirdParty/SDL/CMakeFiles/SDL3-static.dir/src/stdlib/SDL_mslibc.c.obj
[106/677] Building C object src/ThirdParty/SDL/CMakeFiles/SDL3-static.dir/src/stdlib/SDL_murmur3.c.obj
[107/677] Building C object src/ThirdParty/SDL/CMakeFiles/SDL3-static.dir/src/stdlib/SDL_random.c.obj
[108/677] Checking for .NET Client Library updates...
--- C# Changes Detected: Rebuilding Client Library ---
  Determining projects to restore...
  All projects are up-to-date for restore.
G:\Files\Mu\MuMain\ClientLibrary\ConnectionWrapper.cs(89,23): warning VSTHRD111: Add .ConfigureAwait(bool) to your await expression (https://github.com/Microsoft/vs-threading/blob/main/doc/analyzers/VSTHRD111.md) [G:\Files\Mu\MuMain\ClientLibrary\MUnique.Client.Library.csproj]
  MUnique.Client.Library -> G:\Files\Mu\MuMain\ClientLibrary\bin\Release\MUnique.Client.Library.dll
  Generating native code
     Creating library bin\Release\native\MUnique.Client.Library.lib and object bin\Release\native\MUnique.Client.Library.exp
  MUnique.Client.Library -> G:\Files\Mu\MuMain\build-mingw\dotnet_out\
[109/677] Building C object src/ThirdParty/SDL/CMakeFiles/SDL3-static.dir/src/stdlib/SDL_stdlib.c.obj
[110/677] Building C object src/ThirdParty/SDL/CMakeFiles/SDL3-static.dir/src/stdlib/SDL_strtokr.c.obj
[111/677] Building C object src/ThirdParty/SDL/CMakeFiles/SDL3-static.dir/src/render/software/SDL_triangle.c.obj
[112/677] Building C object src/ThirdParty/SDL/CMakeFiles/SDL3-static.dir/src/stdlib/SDL_qsort.c.obj
[113/677] Building C object src/ThirdParty/SDL/CMakeFiles/SDL3-static.dir/src/storage/SDL_storage.c.obj
[114/677] Building C object src/ThirdParty/SDL/CMakeFiles/SDL3-static.dir/src/stdlib/SDL_string.c.obj
[115/677] Building C object src/ThirdParty/SDL/CMakeFiles/SDL3-static.dir/src/time/SDL_time.c.obj
[116/677] Building C object src/ThirdParty/SDL/CMakeFiles/SDL3-static.dir/src/thread/SDL_thread.c.obj
[117/677] Building C object src/ThirdParty/SDL/CMakeFiles/SDL3-static.dir/src/video/SDL_blit.c.obj
[118/677] Building C object src/ThirdParty/SDL/CMakeFiles/SDL3-static.dir/src/render/vulkan/SDL_render_vulkan.c.obj
[119/677] Building C object src/ThirdParty/SDL/CMakeFiles/SDL3-static.dir/src/timer/SDL_timer.c.obj
[120/677] Building C object src/ThirdParty/SDL/CMakeFiles/SDL3-static.dir/src/render/software/SDL_blendfillrect.c.obj
[121/677] Building C object src/ThirdParty/SDL/CMakeFiles/SDL3-static.dir/src/video/SDL_blit_copy.c.obj
[122/677] Building C object src/ThirdParty/SDL/CMakeFiles/SDL3-static.dir/src/render/software/SDL_blendline.c.obj
[123/677] Building C object src/ThirdParty/SDL/CMakeFiles/SDL3-static.dir/src/video/SDL_bmp.c.obj
[124/677] Building C object src/ThirdParty/SDL/CMakeFiles/SDL3-static.dir/src/video/SDL_blit_slow.c.obj
[125/677] Building C object src/ThirdParty/SDL/CMakeFiles/SDL3-static.dir/src/video/SDL_RLEaccel.c.obj
[126/677] Building C object src/ThirdParty/SDL/CMakeFiles/SDL3-static.dir/src/video/SDL_blit_0.c.obj
[127/677] Building C object src/ThirdParty/SDL/CMakeFiles/SDL3-static.dir/src/video/SDL_blit_1.c.obj
[128/677] Building C object src/ThirdParty/SDL/CMakeFiles/SDL3-static.dir/src/video/SDL_clipboard.c.obj
[129/677] Building C object src/ThirdParty/SDL/CMakeFiles/SDL3-static.dir/src/video/SDL_fillrect.c.obj
[130/677] Building C object src/ThirdParty/SDL/CMakeFiles/SDL3-static.dir/src/video/SDL_rotate.c.obj
[131/677] Building C object src/ThirdParty/SDL/CMakeFiles/SDL3-static.dir/src/video/SDL_egl.c.obj
[132/677] Building C object src/ThirdParty/SDL/CMakeFiles/SDL3-static.dir/src/video/SDL_rect.c.obj
[133/677] Building C object src/ThirdParty/SDL/CMakeFiles/SDL3-static.dir/src/video/SDL_pixels.c.obj
[134/677] Building C object src/ThirdParty/SDL/CMakeFiles/SDL3-static.dir/src/video/SDL_video_unsupported.c.obj
[135/677] Building C object src/ThirdParty/SDL/CMakeFiles/SDL3-static.dir/src/video/SDL_stretch.c.obj
[136/677] Building C object src/ThirdParty/SDL/CMakeFiles/SDL3-static.dir/src/video/SDL_vulkan_utils.c.obj
[137/677] Building C object src/ThirdParty/SDL/CMakeFiles/SDL3-static.dir/src/video/yuv2rgb/yuv_rgb_lsx.c.obj
[138/677] Building C object src/ThirdParty/SDL/CMakeFiles/SDL3-static.dir/src/video/SDL_blit_N.c.obj
[139/677] Building C object src/ThirdParty/SDL/CMakeFiles/SDL3-static.dir/src/video/SDL_surface.c.obj
[140/677] Building C object src/ThirdParty/SDL/CMakeFiles/SDL3-static.dir/src/libm/e_atan2.c.obj
[141/677] Building C object src/ThirdParty/SDL/CMakeFiles/SDL3-static.dir/src/video/SDL_blit_A.c.obj
[142/677] Building C object src/ThirdParty/SDL/CMakeFiles/SDL3-static.dir/src/libm/e_exp.c.obj
[143/677] Building C object src/ThirdParty/SDL/CMakeFiles/SDL3-static.dir/src/libm/e_log.c.obj
[144/677] Building C object src/ThirdParty/SDL/CMakeFiles/SDL3-static.dir/src/libm/e_fmod.c.obj
[145/677] Building C object src/ThirdParty/SDL/CMakeFiles/SDL3-static.dir/src/libm/e_log10.c.obj
[146/677] Building C object src/ThirdParty/SDL/CMakeFiles/SDL3-static.dir/src/video/yuv2rgb/yuv_rgb_sse.c.obj
[147/677] Building C object src/ThirdParty/SDL/CMakeFiles/SDL3-static.dir/src/libm/e_pow.c.obj
[148/677] Building C object src/ThirdParty/SDL/CMakeFiles/SDL3-static.dir/src/libm/e_rem_pio2.c.obj
[149/677] Building C object src/ThirdParty/SDL/CMakeFiles/SDL3-static.dir/src/libm/e_sqrt.c.obj
[150/677] Building C object src/ThirdParty/SDL/CMakeFiles/SDL3-static.dir/src/libm/k_cos.c.obj
[151/677] Building C object src/ThirdParty/SDL/CMakeFiles/SDL3-static.dir/src/libm/k_sin.c.obj
[152/677] Building C object src/ThirdParty/SDL/CMakeFiles/SDL3-static.dir/src/libm/k_tan.c.obj
[153/677] Building C object src/ThirdParty/SDL/CMakeFiles/SDL3-static.dir/src/libm/s_atan.c.obj
[154/677] Building C object src/ThirdParty/SDL/CMakeFiles/SDL3-static.dir/src/libm/s_copysign.c.obj
[155/677] Building C object src/ThirdParty/SDL/CMakeFiles/SDL3-static.dir/src/libm/k_rem_pio2.c.obj
[156/677] Building C object src/ThirdParty/SDL/CMakeFiles/SDL3-static.dir/src/libm/s_cos.c.obj
[157/677] Building C object src/ThirdParty/SDL/CMakeFiles/SDL3-static.dir/src/libm/s_fabs.c.obj
[158/677] Building C object src/ThirdParty/SDL/CMakeFiles/SDL3-static.dir/src/libm/s_floor.c.obj
[159/677] Building C object src/ThirdParty/SDL/CMakeFiles/SDL3-static.dir/src/video/SDL_video.c.obj
[160/677] Building C object src/ThirdParty/SDL/CMakeFiles/SDL3-static.dir/src/libm/s_isinf.c.obj
[161/677] Building C object src/ThirdParty/SDL/CMakeFiles/SDL3-static.dir/src/video/yuv2rgb/yuv_rgb_std.c.obj
[162/677] Building C object src/ThirdParty/SDL/CMakeFiles/SDL3-static.dir/src/libm/s_isinff.c.obj
[163/677] Building C object src/ThirdParty/SDL/CMakeFiles/SDL3-static.dir/src/libm/s_isnan.c.obj
[164/677] Building C object src/ThirdParty/SDL/CMakeFiles/SDL3-static.dir/src/libm/s_isnanf.c.obj
[165/677] Building C object src/ThirdParty/SDL/CMakeFiles/SDL3-static.dir/src/libm/s_modf.c.obj
[166/677] Building C object src/ThirdParty/SDL/CMakeFiles/SDL3-static.dir/src/libm/s_scalbn.c.obj
[167/677] Building C object src/ThirdParty/SDL/CMakeFiles/SDL3-static.dir/src/libm/s_sin.c.obj
[168/677] Building C object src/ThirdParty/SDL/CMakeFiles/SDL3-static.dir/src/libm/s_tan.c.obj
[169/677] Building C object src/ThirdParty/SDL/CMakeFiles/SDL3-static.dir/src/audio/dummy/SDL_dummyaudio.c.obj
[170/677] Building C object src/ThirdParty/SDL/CMakeFiles/SDL3-static.dir/src/camera/dummy/SDL_camera_dummy.c.obj
[171/677] Building C object src/ThirdParty/SDL/CMakeFiles/SDL3-static.dir/src/audio/disk/SDL_diskaudio.c.obj
[172/677] Building C object src/ThirdParty/SDL/CMakeFiles/SDL3-static.dir/src/video/dummy/SDL_nullevents.c.obj
[173/677] Building C object src/ThirdParty/SDL/CMakeFiles/SDL3-static.dir/src/video/dummy/SDL_nullframebuffer.c.obj
[174/677] Building C object src/ThirdParty/SDL/CMakeFiles/SDL3-static.dir/src/video/dummy/SDL_nullvideo.c.obj
[175/677] Building CXX object src/ThirdParty/SDL/CMakeFiles/SDL3-static.dir/src/core/windows/SDL_gameinput.cpp.obj
[176/677] Building C object src/ThirdParty/SDL/CMakeFiles/SDL3-static.dir/src/video/SDL_yuv.c.obj
[177/677] Building C object src/ThirdParty/SDL/CMakeFiles/SDL3-static.dir/src/joystick/virtual/SDL_virtualjoystick.c.obj
[178/677] Building C object src/ThirdParty/SDL/CMakeFiles/SDL3-static.dir/src/core/windows/SDL_hid.c.obj
[179/677] Building C object src/ThirdParty/SDL/CMakeFiles/SDL3-static.dir/src/core/windows/pch.c.obj
[180/677] Building C object src/ThirdParty/SDL/CMakeFiles/SDL3-static.dir/src/core/windows/SDL_xinput.c.obj
[181/677] Building C object src/ThirdParty/SDL/CMakeFiles/SDL3-static.dir/src/io/windows/SDL_asyncio_windows_ioring.c.obj
[182/677] Building CXX object src/ThirdParty/SDL/CMakeFiles/SDL3-static.dir/src/core/windows/pch_cpp.cpp.obj
[183/677] Building C object src/ThirdParty/SDL/CMakeFiles/SDL3-static.dir/src/main/windows/SDL_sysmain_runapp.c.obj
[184/677] Building C object src/ThirdParty/SDL/CMakeFiles/SDL3-static.dir/src/misc/windows/SDL_sysurl.c.obj
[185/677] Building C object src/ThirdParty/SDL/CMakeFiles/SDL3-static.dir/src/core/windows/SDL_immdevice.c.obj
[186/677] Building C object src/ThirdParty/SDL/CMakeFiles/SDL3-static.dir/src/core/windows/SDL_windows.c.obj
[187/677] Building C object src/ThirdParty/SDL/CMakeFiles/SDL3-static.dir/src/audio/directsound/SDL_directsound.c.obj
[188/677] Building C object src/ThirdParty/SDL/CMakeFiles/SDL3-static.dir/src/video/windows/SDL_windowsclipboard.c.obj
[189/677] Building C object src/ThirdParty/SDL/CMakeFiles/SDL3-static.dir/src/audio/wasapi/SDL_wasapi.c.obj
[190/677] Building C object src/ThirdParty/SDL/CMakeFiles/SDL3-static.dir/src/video/windows/SDL_windowsframebuffer.c.obj
[191/677] Building CXX object src/ThirdParty/SDL/CMakeFiles/SDL3-static.dir/src/video/windows/SDL_windowsgameinput.cpp.obj
[192/677] Building C object src/ThirdParty/SDL/CMakeFiles/SDL3-static.dir/src/video/SDL_stb.c.obj
[193/677] Building C object src/ThirdParty/SDL/CMakeFiles/SDL3-static.dir/src/video/windows/SDL_windowskeyboard.c.obj
[194/677] Building C object src/ThirdParty/SDL/CMakeFiles/SDL3-static.dir/src/video/windows/SDL_windowsmessagebox.c.obj
[195/677] Building C object src/ThirdParty/SDL/CMakeFiles/SDL3-static.dir/src/video/windows/SDL_windowsmodes.c.obj
[196/677] Building C object src/ThirdParty/SDL/CMakeFiles/SDL3-static.dir/src/video/windows/SDL_windowsmouse.c.obj
[197/677] Building C object src/ThirdParty/SDL/CMakeFiles/SDL3-static.dir/src/video/windows/SDL_windowsopengl.c.obj
[198/677] Building C object src/ThirdParty/SDL/CMakeFiles/SDL3-static.dir/src/video/windows/SDL_windowsevents.c.obj
[199/677] Building C object src/ThirdParty/SDL/CMakeFiles/SDL3-static.dir/src/video/windows/SDL_windowsopengles.c.obj
[200/677] Building C object src/ThirdParty/SDL/CMakeFiles/SDL3-static.dir/src/thread/generic/SDL_syscond.c.obj
[201/677] Building C object src/ThirdParty/SDL/CMakeFiles/SDL3-static.dir/src/thread/generic/SDL_sysrwlock.c.obj
[202/677] Building C object src/ThirdParty/SDL/CMakeFiles/SDL3-static.dir/src/video/windows/SDL_windowsrawinput.c.obj
[203/677] Building C object src/ThirdParty/SDL/CMakeFiles/SDL3-static.dir/src/video/windows/SDL_windowsshape.c.obj
[204/677] Building C object src/ThirdParty/SDL/CMakeFiles/SDL3-static.dir/src/video/windows/SDL_windowsvulkan.c.obj
[205/677] Building C object src/ThirdParty/SDL/CMakeFiles/SDL3-static.dir/src/thread/windows/SDL_syscond_cv.c.obj
[206/677] Building C object src/ThirdParty/SDL/CMakeFiles/SDL3-static.dir/src/thread/windows/SDL_sysmutex.c.obj
[207/677] Building C object src/ThirdParty/SDL/CMakeFiles/SDL3-static.dir/src/thread/windows/SDL_sysrwlock_srw.c.obj
[208/677] Building C object src/ThirdParty/SDL/CMakeFiles/SDL3-static.dir/src/thread/windows/SDL_syssem.c.obj
[209/677] Building C object src/ThirdParty/SDL/CMakeFiles/SDL3-static.dir/src/thread/windows/SDL_systhread.c.obj
[210/677] Building C object src/ThirdParty/SDL/CMakeFiles/SDL3-static.dir/src/video/windows/SDL_windowsvideo.c.obj
[211/677] Building C object src/ThirdParty/SDL/CMakeFiles/SDL3-static.dir/src/thread/windows/SDL_systls.c.obj
[212/677] Building C object src/ThirdParty/SDL/CMakeFiles/SDL3-static.dir/src/power/windows/SDL_syspower.c.obj
[213/677] Building C object src/ThirdParty/SDL/CMakeFiles/SDL3-static.dir/src/locale/windows/SDL_syslocale.c.obj
[214/677] Building C object src/ThirdParty/SDL/CMakeFiles/SDL3-static.dir/src/storage/generic/SDL_genericstorage.c.obj
[215/677] Building C object src/ThirdParty/SDL/CMakeFiles/SDL3-static.dir/src/storage/steam/SDL_steamstorage.c.obj
[216/677] Building C object src/ThirdParty/SDL/CMakeFiles/SDL3-static.dir/src/filesystem/windows/SDL_sysfsops.c.obj
[217/677] Building C object src/ThirdParty/SDL/CMakeFiles/SDL3-static.dir/src/time/windows/SDL_systime.c.obj
[218/677] Building C object src/ThirdParty/SDL/CMakeFiles/SDL3-static.dir/src/sensor/windows/SDL_windowssensor.c.obj
[219/677] Building C object src/ThirdParty/SDL/CMakeFiles/SDL3-static.dir/src/timer/windows/SDL_systimer.c.obj
[220/677] Building C object src/ThirdParty/SDL/CMakeFiles/SDL3-static.dir/src/loadso/windows/SDL_sysloadso.c.obj
[221/677] Building C object src/ThirdParty/SDL/CMakeFiles/SDL3-static.dir/src/joystick/hidapi/SDL_hidapi_combined.c.obj
[222/677] Building C object src/ThirdParty/SDL/CMakeFiles/SDL3-static.dir/src/joystick/hidapi/SDL_hidapi_8bitdo.c.obj
[223/677] Building C object src/ThirdParty/SDL/CMakeFiles/SDL3-static.dir/src/video/windows/SDL_windowswindow.c.obj
[224/677] Building C object src/ThirdParty/SDL/CMakeFiles/SDL3-static.dir/src/joystick/hidapi/SDL_hidapi_flydigi.c.obj
[225/677] Building C object src/ThirdParty/SDL/CMakeFiles/SDL3-static.dir/src/filesystem/windows/SDL_sysfilesystem.c.obj
[226/677] Building C object src/ThirdParty/SDL/CMakeFiles/SDL3-static.dir/src/joystick/hidapi/SDL_hidapi_gamecube.c.obj
[227/677] Building C object src/ThirdParty/SDL/CMakeFiles/SDL3-static.dir/src/tray/windows/SDL_tray.c.obj
[228/677] Building C object src/ThirdParty/SDL/CMakeFiles/SDL3-static.dir/src/joystick/hidapi/SDL_hidapi_luna.c.obj
[229/677] Building C object src/ThirdParty/SDL/CMakeFiles/SDL3-static.dir/src/joystick/hidapi/SDL_hidapi_lg4ff.c.obj
[230/677] Building C object src/ThirdParty/SDL/CMakeFiles/SDL3-static.dir/src/joystick/hidapi/SDL_hidapi_shield.c.obj
[231/677] Building C object src/ThirdParty/SDL/CMakeFiles/SDL3-static.dir/src/joystick/hidapi/SDL_hidapi_rumble.c.obj
[232/677] Building C object src/ThirdParty/SDL/CMakeFiles/SDL3-static.dir/src/joystick/hidapi/SDL_hidapi_ps3.c.obj
[233/677] Building C object src/ThirdParty/SDL/CMakeFiles/SDL3-static.dir/src/joystick/hidapi/SDL_hidapi_ps4.c.obj
[234/677] Building C object src/ThirdParty/SDL/CMakeFiles/SDL3-static.dir/src/joystick/hidapi/SDL_hidapi_stadia.c.obj
[235/677] Building C object src/ThirdParty/SDL/CMakeFiles/SDL3-static.dir/src/joystick/hidapi/SDL_hidapi_ps5.c.obj
[236/677] Building C object src/ThirdParty/SDL/CMakeFiles/SDL3-static.dir/src/joystick/hidapi/SDL_hidapi_sinput.c.obj
[237/677] Building C object src/ThirdParty/SDL/CMakeFiles/SDL3-static.dir/src/joystick/hidapi/SDL_hidapi_steam_hori.c.obj
[238/677] Building C object src/ThirdParty/SDL/CMakeFiles/SDL3-static.dir/src/joystick/hidapi/SDL_hidapi_switch2.c.obj
[239/677] Building C object src/ThirdParty/SDL/CMakeFiles/SDL3-static.dir/src/joystick/hidapi/SDL_hidapi_gip.c.obj
[240/677] Building C object src/ThirdParty/SDL/CMakeFiles/SDL3-static.dir/src/joystick/hidapi/SDL_hidapi_steam_triton.c.obj
[241/677] Building C object src/ThirdParty/SDL/CMakeFiles/SDL3-static.dir/src/joystick/hidapi/SDL_hidapi_steamdeck.c.obj
[242/677] Building C object src/ThirdParty/SDL/CMakeFiles/SDL3-static.dir/src/joystick/hidapi/SDL_hidapi_xbox360.c.obj
[243/677] Building C object src/ThirdParty/SDL/CMakeFiles/SDL3-static.dir/src/joystick/hidapi/SDL_hidapi_steam.c.obj
[244/677] Building C object src/ThirdParty/SDL/CMakeFiles/SDL3-static.dir/src/joystick/hidapi/SDL_hidapi_xbox360w.c.obj
[245/677] Building C object src/ThirdParty/SDL/CMakeFiles/SDL3-static.dir/src/haptic/hidapi/SDL_hidapihaptic.c.obj
[246/677] Building C object src/ThirdParty/SDL/CMakeFiles/SDL3-static.dir/src/joystick/hidapi/SDL_report_descriptor.c.obj
[247/677] Building C object src/ThirdParty/SDL/CMakeFiles/SDL3-static.dir/src/joystick/hidapi/SDL_hidapi_zuiki.c.obj
[248/677] Building C object src/ThirdParty/SDL/CMakeFiles/SDL3-static.dir/src/joystick/hidapi/SDL_hidapi_wii.c.obj
[249/677] Building C object src/ThirdParty/SDL/CMakeFiles/SDL3-static.dir/src/joystick/hidapi/SDL_hidapi_xboxone.c.obj
[250/677] Building C object src/ThirdParty/SDL/CMakeFiles/SDL3-static.dir/src/haptic/hidapi/SDL_hidapihaptic_lg4ff.c.obj
[251/677] Building C object src/ThirdParty/SDL/CMakeFiles/SDL3-static.dir/src/joystick/hidapi/SDL_hidapijoystick.c.obj
[252/677] Building C object src/ThirdParty/SDL/CMakeFiles/SDL3-static.dir/src/joystick/hidapi/SDL_hidapi_switch.c.obj
[253/677] Building C object src/ThirdParty/SDL/CMakeFiles/SDL3-static.dir/src/joystick/windows/SDL_dinputjoystick.c.obj
[254/677] Building C object src/ThirdParty/SDL/CMakeFiles/SDL3-static.dir/src/joystick/windows/SDL_windowsjoystick.c.obj
[255/677] Building C object src/ThirdParty/SDL/CMakeFiles/SDL3-static.dir/src/dialog/SDL_dialog.c.obj
[256/677] Building C object src/ThirdParty/SDL/CMakeFiles/SDL3-static.dir/src/joystick/windows/SDL_xinputjoystick.c.obj
[257/677] Building C object src/ThirdParty/SDL/CMakeFiles/SDL3-static.dir/src/haptic/windows/SDL_windowshaptic.c.obj
[258/677] Building C object src/ThirdParty/SDL/CMakeFiles/SDL3-static.dir/src/dialog/SDL_dialog_utils.c.obj
[259/677] Building C object src/ThirdParty/SDL/CMakeFiles/SDL3-static.dir/src/joystick/windows/SDL_windows_gaming_input.c.obj
[260/677] Building C object src/ThirdParty/SDL/CMakeFiles/SDL3-static.dir/src/process/SDL_process.c.obj
[261/677] Building C object src/ThirdParty/SDL/CMakeFiles/SDL3-static.dir/src/video/offscreen/SDL_offscreenevents.c.obj
[262/677] Building C object src/ThirdParty/SDL/CMakeFiles/SDL3-static.dir/src/haptic/windows/SDL_dinputhaptic.c.obj
[263/677] Building C object src/ThirdParty/SDL/CMakeFiles/SDL3-static.dir/src/video/offscreen/SDL_offscreenframebuffer.c.obj
[264/677] Building C object src/ThirdParty/SDL/CMakeFiles/SDL3-static.dir/src/joystick/windows/SDL_rawinputjoystick.c.obj
[265/677] Building C object src/ThirdParty/SDL/CMakeFiles/SDL3-static.dir/src/video/offscreen/SDL_offscreenopengles.c.obj
[266/677] Building C object src/ThirdParty/SDL/CMakeFiles/SDL3-static.dir/src/process/windows/SDL_windowsprocess.c.obj
[267/677] Building C object src/ThirdParty/SDL/CMakeFiles/SDL3-static.dir/src/camera/mediafoundation/SDL_camera_mediafoundation.c.obj
[268/677] Building C object src/ThirdParty/SDL/CMakeFiles/SDL3-static.dir/src/video/offscreen/SDL_offscreenvideo.c.obj
[269/677] Building C object src/ThirdParty/SDL/CMakeFiles/SDL3-static.dir/src/tray/SDL_tray_utils.c.obj
[270/677] Building C object src/ThirdParty/SDL/CMakeFiles/SDL3-static.dir/src/video/offscreen/SDL_offscreenvulkan.c.obj
[271/677] Building C object src/ThirdParty/SDL/CMakeFiles/SDL3-static.dir/src/main/generic/SDL_sysmain_callbacks.c.obj
[272/677] Building C object src/ThirdParty/SDL/CMakeFiles/SDL3-static.dir/src/video/offscreen/SDL_offscreenwindow.c.obj
[273/677] Building C object src/ThirdParty/SDL/CMakeFiles/SDL3-static.dir/src/dialog/windows/SDL_windowsdialog.c.obj
[274/677] Building C object src/ThirdParty/SDL_mixer/CMakeFiles/SDL3_mixer-static.dir/src/SDL_mixer_spatialization.c.obj
[275/677] Building C object src/ThirdParty/SDL_mixer/CMakeFiles/SDL3_mixer-static.dir/src/decoder_drflac.c.obj
[276/677] Building C object src/ThirdParty/SDL_mixer/CMakeFiles/SDL3_mixer-static.dir/src/decoder_aiff.c.obj
[277/677] Building C object src/ThirdParty/SDL_mixer/CMakeFiles/SDL3_mixer-static.dir/src/decoder_flac.c.obj
[278/677] Building C object src/ThirdParty/SDL_mixer/CMakeFiles/SDL3_mixer-static.dir/src/decoder_fluidsynth.c.obj
[279/677] Building C object src/ThirdParty/SDL_mixer/CMakeFiles/SDL3_mixer-static.dir/src/SDL_mixer_metadata_tags.c.obj
[280/677] Building C object src/ThirdParty/SDL_mixer/CMakeFiles/SDL3_mixer-static.dir/src/decoder_gme.c.obj
[281/677] Building C object src/ThirdParty/SDL_mixer/CMakeFiles/SDL3_mixer-static.dir/src/decoder_au.c.obj
[282/677] Building C object src/ThirdParty/SDL_mixer/CMakeFiles/SDL3_mixer-static.dir/src/decoder_mpg123.c.obj
[283/677] Building C object src/ThirdParty/SDL_mixer/CMakeFiles/SDL3_mixer-static.dir/src/decoder_opus.c.obj
[284/677] Building C object src/ThirdParty/SDL/CMakeFiles/SDL3-static.dir/src/video/SDL_blit_auto.c.obj
[285/677] Building C object src/ThirdParty/SDL_mixer/CMakeFiles/SDL3_mixer-static.dir/src/decoder_timidity.c.obj
[286/677] Building C object src/ThirdParty/SDL_mixer/CMakeFiles/SDL3_mixer-static.dir/src/SDL_mixer.c.obj
[287/677] Building C object src/ThirdParty/SDL_mixer/CMakeFiles/SDL3_mixer-static.dir/src/decoder_vorbis.c.obj
[288/677] Building C object src/ThirdParty/SDL_mixer/CMakeFiles/SDL3_mixer-static.dir/src/decoder_sinewave.c.obj
[289/677] Building C object src/ThirdParty/SDL_mixer/CMakeFiles/SDL3_mixer-static.dir/src/decoder_raw.c.obj
[290/677] Building C object src/ThirdParty/SDL_mixer/CMakeFiles/SDL3_mixer-static.dir/src/decoder_wavpack.c.obj
[291/677] Building C object src/ThirdParty/SDL_mixer/CMakeFiles/SDL3_mixer-static.dir/src/decoder_xmp.c.obj
[292/677] Linking CXX static library src\libimgui.a
[293/677] Building C object src/ThirdParty/SDL_mixer/CMakeFiles/SDL3_mixer-static.dir/src/decoder_voc.c.obj
[294/677] Building C object src/ThirdParty/SDL/CMakeFiles/SDL3-static.dir/src/gpu/d3d12/SDL_gpu_d3d12.c.obj
[295/677] Building C object src/ThirdParty/SDL_mixer/CMakeFiles/SDL3_mixer-static.dir/src/decoder_wav.c.obj
[296/677] Building C object src/ThirdParty/SDL_mixer/CMakeFiles/SDL3_mixer-static.dir/src/decoder_drmp3.c.obj
[297/677] Building CXX object src/CMakeFiles/Main.dir/source/Audio/DSWaveIO.cpp.obj
[298/677] Building CXX object src/CMakeFiles/Main.dir/source/Audio/AudioPlayer.cpp.obj
[299/677] Building CXX object src/CMakeFiles/Main.dir/source/Audio/DSPlaySound.cpp.obj
[300/677] Building C object src/ThirdParty/SDL_mixer/CMakeFiles/SDL3_mixer-static.dir/src/decoder_stb_vorbis.c.obj
[301/677] Building C object src/ThirdParty/SDL/CMakeFiles/SDL3-static.dir/src/gpu/vulkan/SDL_gpu_vulkan.c.obj
[302/677] Building CXX object src/CMakeFiles/Main.dir/source/Camera/CameraManager.cpp.obj
[303/677] Building CXX object src/CMakeFiles/Main.dir/source/Camera/CameraMove.cpp.obj
[304/677] Building CXX object src/CMakeFiles/Main.dir/source/Camera/CameraProjection.cpp.obj
[305/677] Building CXX object src/CMakeFiles/Main.dir/source/Camera/CameraState.cpp.obj
[306/677] Building CXX object src/CMakeFiles/Main.dir/source/Camera/CameraUtility.cpp.obj
[307/677] Building CXX object src/CMakeFiles/Main.dir/source/Camera/FreeFlyCamera.cpp.obj
[308/677] Building CXX object src/CMakeFiles/Main.dir/source/Camera/FrustumRenderer.cpp.obj
[309/677] Building CXX object src/CMakeFiles/Main.dir/source/Camera/Frustum.cpp.obj
[310/677] Building CXX object src/CMakeFiles/Main.dir/source/Camera/DefaultCamera.cpp.obj
[311/677] Building CXX object src/CMakeFiles/Main.dir/source/Character/CharInfoBalloonMng.cpp.obj
[312/677] Building CXX object src/CMakeFiles/Main.dir/source/Camera/OrbitalCamera.cpp.obj
[313/677] Building CXX object src/CMakeFiles/Main.dir/source/Core/Text/TextLineWrap.cpp.obj
[314/677] Building CXX object src/CMakeFiles/Main.dir/source/Character/CharInfoBalloon.cpp.obj
[315/677] Building CXX object src/CMakeFiles/Main.dir/source/Character/CSParts.cpp.obj
[316/677] Building CXX object src/CMakeFiles/Main.dir/source/Character/CharMakeWin.cpp.obj
[317/677] Building CXX object src/CMakeFiles/Main.dir/source/Character/CharacterManager.cpp.obj
[318/677] Building CXX object src/CMakeFiles/Main.dir/source/Character/CharSelMainWin.cpp.obj
[319/677] Building CXX object src/CMakeFiles/Main.dir/source/Core/Input/Input.cpp.obj
[320/677] Building CXX object src/CMakeFiles/Main.dir/source/Core/Math/ZzzMathLib.cpp.obj
[321/677] Building CXX object src/CMakeFiles/Main.dir/source/Core/Time/CTimCheck.cpp.obj
[322/677] Building CXX object src/CMakeFiles/Main.dir/source/Core/Time/Timer.cpp.obj
[323/677] Building CXX object src/CMakeFiles/Main.dir/source/Core/Utilities/CpuUsage.cpp.obj
[324/677] Building CXX object src/CMakeFiles/Main.dir/source/Core/Utilities/KeyGenerator.cpp.obj
[325/677] Building CXX object src/CMakeFiles/Main.dir/source/Core/Utilities/Log/WindowsConsole.cpp.obj
[326/677] Building CXX object src/CMakeFiles/Main.dir/source/Core/Utilities/Log/muConsoleDebug.cpp.obj
[327/677] Building CXX object src/CMakeFiles/Main.dir/source/Core/Utilities/Log/ErrorReport.cpp.obj
[328/677] Building CXX object src/CMakeFiles/Main.dir/source/Core/Utilities/Observer.cpp.obj
[329/677] Building CXX object src/CMakeFiles/Main.dir/source/Core/Utilities/PList.cpp.obj
[330/677] Building CXX object src/CMakeFiles/Main.dir/source/Core/Utilities/Random.cpp.obj
[331/677] Building CXX object src/CMakeFiles/Main.dir/source/Core/Utilities/UsefulDef.cpp.obj
[332/677] Building CXX object src/CMakeFiles/Main.dir/source/Core/Utilities/_GlobalFunctions.cpp.obj
[333/677] Building CXX object src/CMakeFiles/Main.dir/source/Data/DataHandler/DataFileIO.cpp.obj
[334/677] Building CXX object src/CMakeFiles/Main.dir/source/Data/DataHandler/ItemData/ItemDataExportAsCSV.cpp.obj
[335/677] Building CXX object src/CMakeFiles/Main.dir/source/Data/DataHandler/ItemData/ItemDataExportS6E3.cpp.obj
[336/677] Building CXX object src/CMakeFiles/Main.dir/source/Data/DataHandler/CommonDataSaver.cpp.obj
[337/677] Building CXX object src/CMakeFiles/Main.dir/source/Data/DataHandler/ItemData/ItemDataHandler.cpp.obj
[338/677] Building CXX object src/CMakeFiles/Main.dir/source/Data/DataHandler/ItemData/ItemDataLoader.cpp.obj
[339/677] Building CXX object src/CMakeFiles/Main.dir/source/Data/DataHandler/ItemData/ItemDataSaver.cpp.obj
[340/677] Building CXX object src/CMakeFiles/Main.dir/source/Data/DataHandler/LoadData.cpp.obj
[341/677] Building CXX object src/CMakeFiles/Main.dir/source/Data/DataHandler/SkillData/SkillDataExportS6E3.cpp.obj
[342/677] Building CXX object src/CMakeFiles/Main.dir/source/Data/DataHandler/SkillData/SkillDataExportAsCSV.cpp.obj
[343/677] Building CXX object src/CMakeFiles/Main.dir/source/Data/DataHandler/SkillData/SkillDataHandler.cpp.obj
[344/677] Building CXX object src/CMakeFiles/Main.dir/source/Data/DataHandler/SkillData/SkillDataLoader.cpp.obj
[345/677] Building CXX object src/CMakeFiles/Main.dir/source/Data/DataHandler/SkillData/SkillDataSaver.cpp.obj
[346/677] Building CXX object src/CMakeFiles/Main.dir/source/Data/Translation/MultiLanguage.cpp.obj
[347/677] Building CXX object src/CMakeFiles/Main.dir/source/Data/GameConfig/GameConfig.cpp.obj
[348/677] Building CXX object src/CMakeFiles/Main.dir/source/Dotnet/PacketFunctions_ChatServer.cpp.obj
[349/677] Building CXX object src/CMakeFiles/Main.dir/source/Dotnet/PacketFunctions_ConnectServer.cpp.obj
[350/677] Building CXX object src/CMakeFiles/Main.dir/source/Dotnet/Connection.cpp.obj
[351/677] Building CXX object src/CMakeFiles/Main.dir/source/Dotnet/PacketFunctions_ClientToServer.cpp.obj
[352/677] Building CXX object src/CMakeFiles/Main.dir/source/Dotnet/PacketFunctions_Custom.cpp.obj
[353/677] Building CXX object src/CMakeFiles/Main.dir/source/Engine/AI/ZzzAI.cpp.obj
[354/677] Building CXX object src/CMakeFiles/Main.dir/source/Engine/AI/GOBoid.cpp.obj
[355/677] Building CXX object src/CMakeFiles/Main.dir/source/Engine/Object/w_CharacterInfo.cpp.obj
[356/677] Building CXX object src/CMakeFiles/Main.dir/source/Engine/Object/w_ObjectInfo.cpp.obj
[357/677] Building CXX object src/CMakeFiles/Main.dir/source/Engine/Object/ZzzInfomation.cpp.obj
[358/677] Building CXX object src/CMakeFiles/Main.dir/source/Engine/Object/ZzzOpenData.cpp.obj
[359/677] Building CXX object src/CMakeFiles/Main.dir/source/Engine/Pathing/zzzpath.cpp.obj
[360/677] Building CXX object src/CMakeFiles/Main.dir/source/Engine/Object/ZzzInterface.cpp.obj
[361/677] Building CXX object src/CMakeFiles/Main.dir/source/ExternalObject/Leaf/xstreambuf.cpp.obj
[362/677] Building CXX object src/CMakeFiles/Main.dir/source/Engine/Physics/PhysicsManager.cpp.obj
[363/677] Building CXX object src/CMakeFiles/Main.dir/source/GameLogic/Buffs/w_Buff.cpp.obj
[364/677] Building CXX object src/CMakeFiles/Main.dir/source/Engine/Object/ZzzObject.cpp.obj
[365/677] Building CXX object src/CMakeFiles/Main.dir/source/Engine/Object/ZzzCharacter.cpp.obj
[366/677] Building CXX object src/CMakeFiles/Main.dir/source/GameLogic/Buffs/w_BuffStateSystem.cpp.obj
[367/677] Building CXX object src/CMakeFiles/Main.dir/source/Engine/Object/ZzzInventory.cpp.obj
[368/677] Building CXX object src/CMakeFiles/Main.dir/source/GameLogic/Buffs/w_BuffScriptLoader.cpp.obj
[369/677] Building CXX object src/CMakeFiles/Main.dir/source/GameLogic/Buffs/w_BuffStateValueControl.cpp.obj
[370/677] Building CXX object src/CMakeFiles/Main.dir/source/GameLogic/Combat/DuelMgr.cpp.obj
[371/677] Building CXX object src/CMakeFiles/Main.dir/source/GameLogic/Buffs/w_BuffTimeControl.cpp.obj
[372/677] Building CXX object src/CMakeFiles/Main.dir/source/GameLogic/Events/CSChaosCastle.cpp.obj
[373/677] Building CXX object src/CMakeFiles/Main.dir/source/GameLogic/Events/Cinematic/CKANTURUDirection.cpp.obj
[374/677] Building CXX object src/CMakeFiles/Main.dir/source/GameLogic/Events/CSEventMatch.cpp.obj
[375/677] Building CXX object src/CMakeFiles/Main.dir/source/GameLogic/Events/Cinematic/CDirection.cpp.obj
[376/677] Building CXX object src/CMakeFiles/Main.dir/source/GameLogic/Events/Cinematic/CMVP1stDirection.cpp.obj
[377/677] Building CXX object src/CMakeFiles/Main.dir/source/GameLogic/Events/Event.cpp.obj
[378/677] Building CXX object src/CMakeFiles/Main.dir/source/GameLogic/Events/MatchEvent.cpp.obj
[379/677] Building CXX object src/CMakeFiles/Main.dir/source/GameLogic/Events/NewBloodCastleSystem.cpp.obj
[380/677] Building CXX object src/CMakeFiles/Main.dir/source/GameLogic/Events/NewChaosCastleSystem.cpp.obj
[381/677] Building CXX object src/CMakeFiles/Main.dir/source/GameLogic/Items/ChangeRingManager.cpp.obj
[382/677] Building CXX object src/CMakeFiles/Main.dir/source/GameLogic/Items/CComGem.cpp.obj
[383/677] Building CXX object src/CMakeFiles/Main.dir/source/GameLogic/Events/w_CursedTemple.cpp.obj
[384/677] Building CXX object src/CMakeFiles/Main.dir/source/GameLogic/Items/ItemManager.cpp.obj
[385/677] Building CXX object src/CMakeFiles/Main.dir/source/GameLogic/Items/ItemAddOptioninfo.cpp.obj
[386/677] Building CXX object src/CMakeFiles/Main.dir/source/GameLogic/Items/CSItemOption.cpp.obj
[387/677] Building CXX object src/CMakeFiles/Main.dir/source/GameLogic/NPCs/npcCatapult.cpp.obj
[388/677] Building CXX object src/CMakeFiles/Main.dir/source/GameLogic/Items/MixMgr.cpp.obj
[389/677] Building CXX object src/CMakeFiles/Main.dir/source/GameLogic/NPCs/npcGateSwitch.cpp.obj
[390/677] Building CXX object src/CMakeFiles/Main.dir/source/GameLogic/NPCs/npcBreeder.cpp.obj
[391/677] Building CXX object src/CMakeFiles/Main.dir/source/GameLogic/Items/PersonalShopTitleImp.cpp.obj
[392/677] Building CXX object src/CMakeFiles/Main.dir/source/GameLogic/Pets/CSPetSystem.cpp.obj
[393/677] Building CXX object src/CMakeFiles/Main.dir/source/GameLogic/Pets/GIPetManager.cpp.obj
[394/677] Building CXX object src/CMakeFiles/Main.dir/source/GameLogic/Pets/w_BasePet.cpp.obj
[395/677] Building CXX object src/CMakeFiles/Main.dir/source/GameLogic/Pets/w_PetActionCollecter.cpp.obj
[396/677] Building CXX object src/CMakeFiles/Main.dir/source/GameLogic/Quests/DialogStructure.cpp.obj
[397/677] Building CXX object src/CMakeFiles/Main.dir/source/GameLogic/Pets/w_PetActionCollecter_Add.cpp.obj
[398/677] Building CXX object src/CMakeFiles/Main.dir/source/GameLogic/Pets/w_PetActionRound.cpp.obj
[399/677] Building CXX object src/CMakeFiles/Main.dir/source/GameLogic/Pets/w_PetActionDemon.cpp.obj
[400/677] Building CXX object src/CMakeFiles/Main.dir/source/GameLogic/Pets/w_PetActionStand.cpp.obj
[401/677] Building CXX object src/CMakeFiles/Main.dir/source/GameLogic/Pets/w_PetActionUnicorn.cpp.obj
[402/677] Building CXX object src/CMakeFiles/Main.dir/source/GameLogic/Pets/w_PetProcess.cpp.obj
[403/677] Building CXX object src/CMakeFiles/Main.dir/source/GameLogic/Skills/SkillManager.cpp.obj
[404/677] Building CXX object src/CMakeFiles/Main.dir/source/GameLogic/Skills/SkillEffectMgr.cpp.obj
[405/677] Building CXX object src/CMakeFiles/Main.dir/source/GameLogic/Quests/GM3rdChangeUp.cpp.obj
[406/677] Building CXX object src/CMakeFiles/Main.dir/source/GameLogic/Quests/CSQuest.cpp.obj
[407/677] Building CXX object src/CMakeFiles/Main.dir/source/GameLogic/Social/GambleSystem.cpp.obj
[408/677] Building CXX object src/CMakeFiles/Main.dir/source/GameLogic/Skills/SummonSystem.cpp.obj
[409/677] Building CXX object src/CMakeFiles/Main.dir/source/GameLogic/Quests/QuestMng.cpp.obj
[410/677] Building CXX object src/CMakeFiles/Main.dir/source/GameLogic/Social/PartyManager.cpp.obj
[411/677] Building CXX object src/CMakeFiles/Main.dir/source/GameShop/FileDownloader/DownloadInfo.cpp.obj
[412/677] Building CXX object src/CMakeFiles/Main.dir/source/GameShop/FileDownloader/FTPConnecter.cpp.obj
[413/677] Building CXX object src/CMakeFiles/Main.dir/source/GameShop/FileDownloader/FileDownloader.cpp.obj
[414/677] Building CXX object src/CMakeFiles/Main.dir/source/GameShop/FileDownloader/HTTPConnecter.cpp.obj
[415/677] Building CXX object src/CMakeFiles/Main.dir/source/GameLogic/Social/MonkSystem.cpp.obj
[416/677] Building CXX object src/CMakeFiles/Main.dir/source/GameShop/InGameShopSystem.cpp.obj
[417/677] Building CXX object src/CMakeFiles/Main.dir/source/GameShop/MsgBoxIGSBuyConfirm.cpp.obj
[418/677] Building CXX object src/CMakeFiles/Main.dir/source/GameShop/MsgBoxIGSCommon.cpp.obj
[419/677] Building CXX object src/CMakeFiles/Main.dir/source/GameShop/MsgBoxIGSBuyPackageItem.cpp.obj
[420/677] Building CXX object src/CMakeFiles/Main.dir/source/GameShop/MsgBoxIGSDeleteItemConfirm.cpp.obj
[421/677] Building CXX object src/CMakeFiles/Main.dir/source/GameShop/MsgBoxIGSBuySelectItem.cpp.obj
[422/677] Building CXX object src/CMakeFiles/Main.dir/source/GameShop/MsgBoxIGSGiftStorageItemInfo.cpp.obj
[423/677] Building CXX object src/CMakeFiles/Main.dir/source/GameShop/MsgBoxIGSSendGift.cpp.obj
[424/677] Building CXX object src/CMakeFiles/Main.dir/source/GameShop/MsgBoxIGSSendGiftConfirm.cpp.obj
[425/677] Building CXX object src/CMakeFiles/Main.dir/source/GameShop/MsgBoxIGSStorageItemInfo.cpp.obj
[426/677] Building CXX object src/CMakeFiles/Main.dir/source/GameShop/MsgBoxIGSUseBuffConfirm.cpp.obj
[427/677] Building CXX object src/CMakeFiles/Main.dir/source/GameShop/MsgBoxIGSUseItemConfirm.cpp.obj
[428/677] Building CXX object src/CMakeFiles/Main.dir/source/GameShop/ShopListManager/BannerInfo.cpp.obj
[429/677] Building CXX object src/CMakeFiles/Main.dir/source/GameShop/ShopListManager/BannerListManager.cpp.obj
[430/677] Building CXX object src/CMakeFiles/Main.dir/source/GameShop/ShopListManager/BannerInfoList.cpp.obj
[431/677] Building CXX object src/CMakeFiles/Main.dir/source/GameShop/NewUIInGameShop.cpp.obj
[432/677] Building CXX object src/CMakeFiles/Main.dir/source/GameShop/ShopListManager/FTPFileDownLoader.cpp.obj
[433/677] Building CXX object src/CMakeFiles/Main.dir/source/GameShop/ShopListManager/ShopCategory.cpp.obj
[434/677] Building CXX object src/CMakeFiles/Main.dir/source/GameShop/ShopListManager/ListManager.cpp.obj
[435/677] Building CXX object src/CMakeFiles/Main.dir/source/GameShop/ShopListManager/ShopCategoryList.cpp.obj
[436/677] Building CXX object src/CMakeFiles/Main.dir/source/GameShop/ShopListManager/ShopListManager.cpp.obj
[437/677] Building CXX object src/CMakeFiles/Main.dir/source/GameShop/ShopListManager/ShopList.cpp.obj
[438/677] Building CXX object src/CMakeFiles/Main.dir/source/GameShop/ShopListManager/ShopPackage.cpp.obj
[439/677] Building CXX object src/CMakeFiles/Main.dir/source/GameShop/ShopListManager/ShopProduct.cpp.obj
[440/677] Building CXX object src/CMakeFiles/Main.dir/source/GameShop/ShopListManager/ShopPackageList.cpp.obj
[441/677] Building CXX object src/CMakeFiles/Main.dir/source/GameShop/ShopListManager/StringMethod.cpp.obj
[442/677] Building CXX object src/CMakeFiles/Main.dir/source/GameShop/ShopListManager/ShopProductList.cpp.obj
[443/677] Building CXX object src/CMakeFiles/Main.dir/source/GameShop/ShopListManager/StringToken.cpp.obj
[444/677] Building CXX object src/CMakeFiles/Main.dir/source/GameShop/ShopListManager/interface/WZResult/WZResult.cpp.obj
[445/677] Building CXX object src/CMakeFiles/Main.dir/source/GameShop/ShopListManager/interface/PathMethod/Path.cpp.obj
[446/677] Building CXX object src/CMakeFiles/Main.dir/source/Guild/GuildCache.cpp.obj
[447/677] Building CXX object src/CMakeFiles/Main.dir/source/Guild/NewUIGuildMakeWindow.cpp.obj
[448/677] Building CXX object src/CMakeFiles/Main.dir/source/Guild/NewUIGuildInfoWindow.cpp.obj
[449/677] Building CXX object src/CMakeFiles/Main.dir/source/Guild/UIGuildInfo.cpp.obj
[450/677] Building CXX object src/CMakeFiles/Main.dir/source/MUHelper/MuHelperData.cpp.obj
[451/677] Building CXX object src/CMakeFiles/Main.dir/source/Network/MoveCommandData.cpp.obj
[452/677] Building CXX object src/CMakeFiles/Main.dir/source/Network/Server/CSMapServer.cpp.obj
[453/677] Building CXX object src/CMakeFiles/Main.dir/source/Guild/UIGuildMaster.cpp.obj
[454/677] Building CXX object src/CMakeFiles/Main.dir/source/MUHelper/MuHelper.cpp.obj
[455/677] Building CXX object src/CMakeFiles/Main.dir/source/Network/Server/ServerGroup.cpp.obj
[456/677] Building CXX object src/CMakeFiles/Main.dir/source/Network/Server/ServerInfo.cpp.obj
[457/677] Building CXX object src/CMakeFiles/Main.dir/source/Platform/Windows/Local.cpp.obj
[458/677] Building CXX object src/CMakeFiles/Main.dir/source/Network/Server/ServerListManager.cpp.obj
[459/677] Building CXX object src/CMakeFiles/Main.dir/source/Network/Server/SocketSystem.cpp.obj
[460/677] Building CXX object src/CMakeFiles/Main.dir/source/Render/Effects/ZzzEffectBlurSpark.cpp.obj
[461/677] Building CXX object src/CMakeFiles/Main.dir/source/Platform/Windows/Winmain.cpp.obj
[462/677] Building CXX object src/CMakeFiles/Main.dir/source/Render/Effects/ZzzEffectFireLeave.cpp.obj
[463/677] Building CXX object src/CMakeFiles/Main.dir/source/Render/Effects/ZzzEffectMagicSkill.cpp.obj
[464/677] Building CXX object src/CMakeFiles/Main.dir/source/Render/Effects/ZzzEffectPointer.cpp.obj
[465/677] Building CXX object src/CMakeFiles/Main.dir/source/Render/Effects/ZzzEffectPoint.cpp.obj
[466/677] Building CXX object src/CMakeFiles/Main.dir/source/Render/Models/BoneManager.cpp.obj
[467/677] Building CXX object src/CMakeFiles/Main.dir/source/Render/Effects/zzzeffectsprite.cpp.obj
[468/677] Building CXX object src/CMakeFiles/Main.dir/source/Render/Effects/ZzzEffectJoint.cpp.obj
[469/677] Building CXX object src/CMakeFiles/Main.dir/source/Render/Models/SMD.cpp.obj
[470/677] Building CXX object src/CMakeFiles/Main.dir/source/Render/Models/SMD2BMD.cpp.obj
[471/677] Building CXX object src/CMakeFiles/Main.dir/source/Render/Models/GltfLoader.cpp.obj
FAILED: [code=1] src/CMakeFiles/Main.dir/source/Render/Models/GltfLoader.cpp.obj 
C:\msys64\mingw32\bin\c++.exe -DLDS_PATCH_GLOBAL_100520 -DNDEBUG -DUNICODE -D_EDITOR -D_FOREIGN_NDEBUG -D_LANGUAGE_ENG -D_LANGUAGE_FOREIGN -D_USE_32BIT_TIME_T -IG:/Files/Mu/MuMain/src/source -IG:/Files/Mu/MuMain/src/dependencies/include -IG:/Files/Mu/MuMain/src/dependencies/netcore/includes -IG:/Files/Mu/MuMain/src/ThirdParty -IG:/Files/Mu/MuMain/src/MuEditor -IG:/Files/Mu/MuMain/build-mingw/Generated -IG:/Files/Mu/MuMain/build-mingw/src/ThirdParty/SDL/include-revision -IG:/Files/Mu/MuMain/src/ThirdParty/SDL/include -IG:/Files/Mu/MuMain/src/ThirdParty/SDL_mixer/include -IG:/Files/Mu/MuMain/src/ThirdParty/imgui -IG:/Files/Mu/MuMain/src/ThirdParty/imgui/backends -O3 -DNDEBUG -std=c++20 -MD -MT src/CMakeFiles/Main.dir/source/Render/Models/GltfLoader.cpp.obj -MF src\CMakeFiles\Main.dir\source\Render\Models\GltfLoader.cpp.obj.d -o src/CMakeFiles/Main.dir/source/Render/Models/GltfLoader.cpp.obj -c G:/Files/Mu/MuMain/src/source/Render/Models/GltfLoader.cpp
In file included from C:/msys64/mingw32/include/c++/15.2.0/ext/alloc_traits.h:36,
                 from C:/msys64/mingw32/include/c++/15.2.0/bits/basic_string.h:41,
                 from C:/msys64/mingw32/include/c++/15.2.0/string:56,
                 from G:/Files/Mu/MuMain/src/source/stdafx.h:75,
                 from G:/Files/Mu/MuMain/src/source/Render/Models/GltfLoader.cpp:1:
C:/msys64/mingw32/include/c++/15.2.0/bits/alloc_traits.h: In instantiation of 'static constexpr void std::allocator_traits<std::allocator<_CharT> >::construct(allocator_type&, _Up*, _Args&& ...) [with _Up = float [3][4]; _Args = {const float (&)[3][4]}; _Tp = float [3][4]; allocator_type = std::allocator<float [3][4]>]':
C:/msys64/mingw32/include/c++/15.2.0/bits/stl_vector.h:1421:30:   required from 'constexpr void std::vector<_Tp, _Alloc>::push_back(const value_type&) [with _Tp = float [3][4]; _Alloc = std::allocator<float [3][4]>; value_type = float [3][4]]'
 1421 |             _Alloc_traits::construct(this->_M_impl, this->_M_impl._M_finish,
      |             ~~~~~~~~~~~~~~~~~~~~~~~~^~~~~~~~~~~~~~~~~~~~~~~~~~~~~~~~~~~~~~~~
 1422 |                                      __x);
      |                                      ~~~~
G:/Files/Mu/MuMain/src/source/Render/Models/GltfLoader.cpp:435:46:   required from here
  435 |                 inverseBindMatrices.push_back(mat);
      |                 ~~~~~~~~~~~~~~~~~~~~~~~~~~~~~^~~~~
C:/msys64/mingw32/include/c++/15.2.0/bits/alloc_traits.h:676:28: error: no matching function for call to 'construct_at(float (*&)[3][4], const float [3][4])'
  676 |           std::construct_at(__p, std::forward<_Args>(__args)...);
      |           ~~~~~~~~~~~~~~~~~^~~~~~~~~~~~~~~~~~~~~~~~~~~~~~~~~~~~~
C:/msys64/mingw32/include/c++/15.2.0/bits/alloc_traits.h:676:28: note: there is 1 candidate
In file included from C:/msys64/mingw32/include/c++/15.2.0/bits/stl_iterator.h:78,
                 from C:/msys64/mingw32/include/c++/15.2.0/bits/stl_algobase.h:67,
                 from C:/msys64/mingw32/include/c++/15.2.0/bits/specfun.h:43,
                 from C:/msys64/mingw32/include/c++/15.2.0/cmath:3913,
                 from C:/msys64/mingw32/include/c++/15.2.0/math.h:36,
                 from G:/Files/Mu/MuMain/src/source/stdafx.h:71:
C:/msys64/mingw32/include/c++/15.2.0/bits/stl_construct.h:96:5: note: candidate 1: 'template<class _Tp, class ... _Args>  requires !(is_unbounded_array_v<_Tp>) && requires{::new(void*(0)) _Tp;} constexpr _Tp* std::construct_at(_Tp*, _Args&& ...)'
   96 |     construct_at(_Tp* __location, _Args&&... __args)
      |     ^~~~~~~~~~~~
C:/msys64/mingw32/include/c++/15.2.0/bits/stl_construct.h:96:5: note: template argument deduction/substitution failed:
C:/msys64/mingw32/include/c++/15.2.0/bits/stl_construct.h:96:5: note: constraints not satisfied
C:/msys64/mingw32/include/c++/15.2.0/bits/stl_construct.h: In substitution of 'template<class _Tp, class ... _Args>  requires !(is_unbounded_array_v<_Tp>) && requires{::new(void*(0)) _Tp;} constexpr _Tp* std::construct_at(_Tp*, _Args&& ...) [with _Tp = float [3][4]; _Args = {const float (&)[3][4]}]':
C:/msys64/mingw32/include/c++/15.2.0/bits/alloc_traits.h:676:21:   required from 'static constexpr void std::allocator_traits<std::allocator<_CharT> >::construct(allocator_type&, _Up*, _Args&& ...) [with _Up = float [3][4]; _Args = {const float (&)[3][4]}; _Tp = float [3][4]; allocator_type = std::allocator<float [3][4]>]'
  676 |           std::construct_at(__p, std::forward<_Args>(__args)...);
      |           ~~~~~~~~~~~~~~~~~^~~~~~~~~~~~~~~~~~~~~~~~~~~~~~~~~~~~~
C:/msys64/mingw32/include/c++/15.2.0/bits/stl_vector.h:1421:30:   required from 'constexpr void std::vector<_Tp, _Alloc>::push_back(const value_type&) [with _Tp = float [3][4]; _Alloc = std::allocator<float [3][4]>; value_type = float [3][4]]'
 1421 |             _Alloc_traits::construct(this->_M_impl, this->_M_impl._M_finish,
      |             ~~~~~~~~~~~~~~~~~~~~~~~~^~~~~~~~~~~~~~~~~~~~~~~~~~~~~~~~~~~~~~~~
 1422 |                                      __x);
      |                                      ~~~~
G:/Files/Mu/MuMain/src/source/Render/Models/GltfLoader.cpp:435:46:   required from here
  435 |                 inverseBindMatrices.push_back(mat);
      |                 ~~~~~~~~~~~~~~~~~~~~~~~~~~~~~^~~~~
C:/msys64/mingw32/include/c++/15.2.0/bits/stl_construct.h:96:5:   required by the constraints of 'template<class _Tp, class ... _Args>  requires !(is_unbounded_array_v<_Tp>) && requires{::new(void*(0)) _Tp;} constexpr _Tp* std::construct_at(_Tp*, _Args&& ...)'
C:/msys64/mingw32/include/c++/15.2.0/bits/stl_construct.h:94:10:   in requirements  [with _Tp = float[3][4]; _Args = {const float (&)[3][4]}]
C:/msys64/mingw32/include/c++/15.2.0/bits/stl_construct.h:94:21: note: the required expression '::new(void*(0)) _Tp' is invalid
   94 |       && requires { ::new((void*)0) _Tp(std::declval<_Args>()...); }
      |                     ^~~~~~~~~~~~~~~~~~~~~~~~~~~~~~~~~~~~~~~~~~~~~
C:/msys64/mingw32/include/c++/15.2.0/bits/alloc_traits.h: In instantiation of 'static constexpr void std::allocator_traits<std::allocator<_CharT> >::construct(allocator_type&, _Up*, _Args&& ...) [with _Up = float [3][4]; _Args = {const float (&)[3][4]}; _Tp = float [3][4]; allocator_type = std::allocator<float [3][4]>]':
C:/msys64/mingw32/include/c++/15.2.0/bits/stl_vector.h:1421:30:   required from 'constexpr void std::vector<_Tp, _Alloc>::push_back(const value_type&) [with _Tp = float [3][4]; _Alloc = std::allocator<float [3][4]>; value_type = float [3][4]]'
 1421 |             _Alloc_traits::construct(this->_M_impl, this->_M_impl._M_finish,
      |             ~~~~~~~~~~~~~~~~~~~~~~~~^~~~~~~~~~~~~~~~~~~~~~~~~~~~~~~~~~~~~~~~
 1422 |                                      __x);
      |                                      ~~~~
G:/Files/Mu/MuMain/src/source/Render/Models/GltfLoader.cpp:435:46:   required from here
  435 |                 inverseBindMatrices.push_back(mat);
      |                 ~~~~~~~~~~~~~~~~~~~~~~~~~~~~~^~~~~
cc1plus.exe: note: set '-fconcepts-diagnostics-depth=' to at least 2 for more detail
C:/msys64/mingw32/include/c++/15.2.0/bits/stl_construct.h: In instantiation of 'constexpr void std::_Construct(_Tp*, _Args&& ...) [with _Tp = float [3][4]; _Args = {float [3][4]}]':
C:/msys64/mingw32/include/c++/15.2.0/bits/stl_uninitialized.h:145:17:   required from 'constexpr _ForwardIterator std::__do_uninit_copy(_InputIterator, _Sentinel, _ForwardIterator) [with _InputIterator = move_iterator<float (*)[3][4]>; _Sentinel = move_iterator<float (*)[3][4]>; _ForwardIterator = float (*)[3][4]]'
  145 |         std::_Construct(std::__addressof(*__result), *__first);
      |         ~~~~~~~~~~~~~~~^~~~~~~~~~~~~~~~~~~~~~~~~~~~~~~~~~~~~~~
C:/msys64/mingw32/include/c++/15.2.0/bits/stl_uninitialized.h:618:30:   required from 'constexpr _ForwardIterator std::__uninitialized_copy_a(_InputIterator, _Sentinel, _ForwardIterator, allocator<_Tp>&) [with _InputIterator = move_iterator<float (*)[3][4]>; _Sentinel = move_iterator<float (*)[3][4]>; _ForwardIterator = float (*)[3][4]; _Tp = float [3][4]]'
  618 |         return std::__do_uninit_copy(std::move(__first), __last, __result);
      |                ~~~~~~~~~~~~~~~~~~~~~^~~~~~~~~~~~~~~~~~~~~~~~~~~~~~~~~~~~~~
C:/msys64/mingw32/include/c++/15.2.0/bits/stl_uninitialized.h:664:2:   required from 'constexpr _ForwardIterator std::__uninitialized_move_if_noexcept_a(_InputIterator, _InputIterator, _ForwardIterator, _Allocator&) [with _InputIterator = float (*)[3][4]; _ForwardIterator = float (*)[3][4]; _Allocator = allocator<float [3][4]>]'
  663 |       return std::__uninitialized_copy_a
      |              ~~~~~~~~~~~~~~~~~~~~~~~~~~~
  664 |         (_GLIBCXX_MAKE_MOVE_IF_NOEXCEPT_ITERATOR(__first),
      |         ^~~~~~~~~~~~~~~~~~~~~~~~~~~~~~~~~~~~~~~~~~~~~~~~~~
  665 |          _GLIBCXX_MAKE_MOVE_IF_NOEXCEPT_ITERATOR(__last), __result, __alloc);
      |          ~~~~~~~~~~~~~~~~~~~~~~~~~~~~~~~~~~~~~~~~~~~~~~~~~~~~~~~~~~~~~~~~~~~
C:/msys64/mingw32/include/c++/15.2.0/bits/vector.tcc:628:60:   required from 'constexpr void std::vector<_Tp, _Alloc>::_M_realloc_append(_Args&& ...) [with _Args = {const float (&)[3][4]}; _Tp = float [3][4]; _Alloc = std::allocator<float [3][4]>]'
  628 |             __new_finish = std::__uninitialized_move_if_noexcept_a(
      |                            ~~~~~~~~~~~~~~~~~~~~~~~~~~~~~~~~~~~~~~~^
  629 |                              __old_start, __old_finish,
      |                              ~~~~~~~~~~~~~~~~~~~~~~~~~~            
  630 |                              __new_start, _M_get_Tp_allocator());
      |                              ~~~~~~~~~~~~~~~~~~~~~~~~~~~~~~~~~~~   
C:/msys64/mingw32/include/c++/15.2.0/bits/stl_vector.h:1427:21:   required from 'constexpr void std::vector<_Tp, _Alloc>::push_back(const value_type&) [with _Tp = float [3][4]; _Alloc = std::allocator<float [3][4]>; value_type = float [3][4]]'
 1427 |           _M_realloc_append(__x);
      |           ~~~~~~~~~~~~~~~~~^~~~~
G:/Files/Mu/MuMain/src/source/Render/Models/GltfLoader.cpp:435:46:   required from here
  435 |                 inverseBindMatrices.push_back(mat);
      |                 ~~~~~~~~~~~~~~~~~~~~~~~~~~~~~^~~~~
C:/msys64/mingw32/include/c++/15.2.0/bits/stl_construct.h:129:28: error: no matching function for call to 'construct_at(float (*&)[3][4], float [3][4])'
  129 |           std::construct_at(__p, std::forward<_Args>(__args)...);
      |           ~~~~~~~~~~~~~~~~~^~~~~~~~~~~~~~~~~~~~~~~~~~~~~~~~~~~~~
C:/msys64/mingw32/include/c++/15.2.0/bits/stl_construct.h:129:28: note: there is 1 candidate
C:/msys64/mingw32/include/c++/15.2.0/bits/stl_construct.h:96:5: note: candidate 1: 'template<class _Tp, class ... _Args>  requires !(is_unbounded_array_v<_Tp>) && requires{::new(void*(0)) _Tp;} constexpr _Tp* std::construct_at(_Tp*, _Args&& ...)'
   96 |     construct_at(_Tp* __location, _Args&&... __args)
      |     ^~~~~~~~~~~~
C:/msys64/mingw32/include/c++/15.2.0/bits/stl_construct.h:96:5: note: template argument deduction/substitution failed:
C:/msys64/mingw32/include/c++/15.2.0/bits/stl_construct.h:96:5: note: constraints not satisfied
C:/msys64/mingw32/include/c++/15.2.0/bits/stl_construct.h: In substitution of 'template<class _Tp, class ... _Args>  requires !(is_unbounded_array_v<_Tp>) && requires{::new(void*(0)) _Tp;} constexpr _Tp* std::construct_at(_Tp*, _Args&& ...) [with _Tp = float [3][4]; _Args = {float [3][4]}]':
C:/msys64/mingw32/include/c++/15.2.0/bits/stl_construct.h:129:21:   required from 'constexpr void std::_Construct(_Tp*, _Args&& ...) [with _Tp = float [3][4]; _Args = {float [3][4]}]'
  129 |           std::construct_at(__p, std::forward<_Args>(__args)...);
      |           ~~~~~~~~~~~~~~~~~^~~~~~~~~~~~~~~~~~~~~~~~~~~~~~~~~~~~~
C:/msys64/mingw32/include/c++/15.2.0/bits/stl_uninitialized.h:145:17:   required from 'constexpr _ForwardIterator std::__do_uninit_copy(_InputIterator, _Sentinel, _ForwardIterator) [with _InputIterator = move_iterator<float (*)[3][4]>; _Sentinel = move_iterator<float (*)[3][4]>; _ForwardIterator = float (*)[3][4]]'
  145 |         std::_Construct(std::__addressof(*__result), *__first);
      |         ~~~~~~~~~~~~~~~^~~~~~~~~~~~~~~~~~~~~~~~~~~~~~~~~~~~~~~
C:/msys64/mingw32/include/c++/15.2.0/bits/stl_uninitialized.h:618:30:   required from 'constexpr _ForwardIterator std::__uninitialized_copy_a(_InputIterator, _Sentinel, _ForwardIterator, allocator<_Tp>&) [with _InputIterator = move_iterator<float (*)[3][4]>; _Sentinel = move_iterator<float (*)[3][4]>; _ForwardIterator = float (*)[3][4]; _Tp = float [3][4]]'
  618 |         return std::__do_uninit_copy(std::move(__first), __last, __result);
      |                ~~~~~~~~~~~~~~~~~~~~~^~~~~~~~~~~~~~~~~~~~~~~~~~~~~~~~~~~~~~
C:/msys64/mingw32/include/c++/15.2.0/bits/stl_uninitialized.h:664:2:   required from 'constexpr _ForwardIterator std::__uninitialized_move_if_noexcept_a(_InputIterator, _InputIterator, _ForwardIterator, _Allocator&) [with _InputIterator = float (*)[3][4]; _ForwardIterator = float (*)[3][4]; _Allocator = allocator<float [3][4]>]'
  663 |       return std::__uninitialized_copy_a
      |              ~~~~~~~~~~~~~~~~~~~~~~~~~~~
  664 |         (_GLIBCXX_MAKE_MOVE_IF_NOEXCEPT_ITERATOR(__first),
      |         ^~~~~~~~~~~~~~~~~~~~~~~~~~~~~~~~~~~~~~~~~~~~~~~~~~
  665 |          _GLIBCXX_MAKE_MOVE_IF_NOEXCEPT_ITERATOR(__last), __result, __alloc);
      |          ~~~~~~~~~~~~~~~~~~~~~~~~~~~~~~~~~~~~~~~~~~~~~~~~~~~~~~~~~~~~~~~~~~~
C:/msys64/mingw32/include/c++/15.2.0/bits/vector.tcc:628:60:   required from 'constexpr void std::vector<_Tp, _Alloc>::_M_realloc_append(_Args&& ...) [with _Args = {const float (&)[3][4]}; _Tp = float [3][4]; _Alloc = std::allocator<float [3][4]>]'
  628 |             __new_finish = std::__uninitialized_move_if_noexcept_a(
      |                            ~~~~~~~~~~~~~~~~~~~~~~~~~~~~~~~~~~~~~~~^
  629 |                              __old_start, __old_finish,
      |                              ~~~~~~~~~~~~~~~~~~~~~~~~~~            
  630 |                              __new_start, _M_get_Tp_allocator());
      |                              ~~~~~~~~~~~~~~~~~~~~~~~~~~~~~~~~~~~   
C:/msys64/mingw32/include/c++/15.2.0/bits/stl_vector.h:1427:21:   required from 'constexpr void std::vector<_Tp, _Alloc>::push_back(const value_type&) [with _Tp = float [3][4]; _Alloc = std::allocator<float [3][4]>; value_type = float [3][4]]'
 1427 |           _M_realloc_append(__x);
      |           ~~~~~~~~~~~~~~~~~^~~~~
G:/Files/Mu/MuMain/src/source/Render/Models/GltfLoader.cpp:435:46:   required from here
  435 |                 inverseBindMatrices.push_back(mat);
      |                 ~~~~~~~~~~~~~~~~~~~~~~~~~~~~~^~~~~
C:/msys64/mingw32/include/c++/15.2.0/bits/stl_construct.h:96:5:   required by the constraints of 'template<class _Tp, class ... _Args>  requires !(is_unbounded_array_v<_Tp>) && requires{::new(void*(0)) _Tp;} constexpr _Tp* std::construct_at(_Tp*, _Args&& ...)'
C:/msys64/mingw32/include/c++/15.2.0/bits/stl_construct.h:94:10:   in requirements  [with _Tp = float[3][4]; _Args = {float[3][4]}]
C:/msys64/mingw32/include/c++/15.2.0/bits/stl_construct.h:94:21: note: the required expression '::new(void*(0)) _Tp' is invalid
   94 |       && requires { ::new((void*)0) _Tp(std::declval<_Args>()...); }
      |                     ^~~~~~~~~~~~~~~~~~~~~~~~~~~~~~~~~~~~~~~~~~~~~
C:/msys64/mingw32/include/c++/15.2.0/bits/stl_construct.h: In instantiation of 'constexpr void std::_Construct(_Tp*, _Args&& ...) [with _Tp = float [3][4]; _Args = {float [3][4]}]':
C:/msys64/mingw32/include/c++/15.2.0/bits/stl_uninitialized.h:145:17:   required from 'constexpr _ForwardIterator std::__do_uninit_copy(_InputIterator, _Sentinel, _ForwardIterator) [with _InputIterator = move_iterator<float (*)[3][4]>; _Sentinel = move_iterator<float (*)[3][4]>; _ForwardIterator = float (*)[3][4]]'
  145 |         std::_Construct(std::__addressof(*__result), *__first);
      |         ~~~~~~~~~~~~~~~^~~~~~~~~~~~~~~~~~~~~~~~~~~~~~~~~~~~~~~
C:/msys64/mingw32/include/c++/15.2.0/bits/stl_uninitialized.h:618:30:   required from 'constexpr _ForwardIterator std::__uninitialized_copy_a(_InputIterator, _Sentinel, _ForwardIterator, allocator<_Tp>&) [with _InputIterator = move_iterator<float (*)[3][4]>; _Sentinel = move_iterator<float (*)[3][4]>; _ForwardIterator = float (*)[3][4]; _Tp = float [3][4]]'
  618 |         return std::__do_uninit_copy(std::move(__first), __last, __result);
      |                ~~~~~~~~~~~~~~~~~~~~~^~~~~~~~~~~~~~~~~~~~~~~~~~~~~~~~~~~~~~
C:/msys64/mingw32/include/c++/15.2.0/bits/stl_uninitialized.h:664:2:   required from 'constexpr _ForwardIterator std::__uninitialized_move_if_noexcept_a(_InputIterator, _InputIterator, _ForwardIterator, _Allocator&) [with _InputIterator = float (*)[3][4]; _ForwardIterator = float (*)[3][4]; _Allocator = allocator<float [3][4]>]'
  663 |       return std::__uninitialized_copy_a
      |              ~~~~~~~~~~~~~~~~~~~~~~~~~~~
  664 |         (_GLIBCXX_MAKE_MOVE_IF_NOEXCEPT_ITERATOR(__first),
      |         ^~~~~~~~~~~~~~~~~~~~~~~~~~~~~~~~~~~~~~~~~~~~~~~~~~
  665 |          _GLIBCXX_MAKE_MOVE_IF_NOEXCEPT_ITERATOR(__last), __result, __alloc);
      |          ~~~~~~~~~~~~~~~~~~~~~~~~~~~~~~~~~~~~~~~~~~~~~~~~~~~~~~~~~~~~~~~~~~~
C:/msys64/mingw32/include/c++/15.2.0/bits/vector.tcc:628:60:   required from 'constexpr void std::vector<_Tp, _Alloc>::_M_realloc_append(_Args&& ...) [with _Args = {const float (&)[3][4]}; _Tp = float [3][4]; _Alloc = std::allocator<float [3][4]>]'
  628 |             __new_finish = std::__uninitialized_move_if_noexcept_a(
      |                            ~~~~~~~~~~~~~~~~~~~~~~~~~~~~~~~~~~~~~~~^
  629 |                              __old_start, __old_finish,
      |                              ~~~~~~~~~~~~~~~~~~~~~~~~~~            
  630 |                              __new_start, _M_get_Tp_allocator());
      |                              ~~~~~~~~~~~~~~~~~~~~~~~~~~~~~~~~~~~   
C:/msys64/mingw32/include/c++/15.2.0/bits/stl_vector.h:1427:21:   required from 'constexpr void std::vector<_Tp, _Alloc>::push_back(const value_type&) [with _Tp = float [3][4]; _Alloc = std::allocator<float [3][4]>; value_type = float [3][4]]'
 1427 |           _M_realloc_append(__x);
      |           ~~~~~~~~~~~~~~~~~^~~~~
G:/Files/Mu/MuMain/src/source/Render/Models/GltfLoader.cpp:435:46:   required from here
  435 |                 inverseBindMatrices.push_back(mat);
      |                 ~~~~~~~~~~~~~~~~~~~~~~~~~~~~~^~~~~
C:/msys64/mingw32/include/c++/15.2.0/bits/stl_construct.h:133:7: error: array must be initialized with a brace-enclosed initializer
  133 |       ::new(static_cast<void*>(__p)) _Tp(std::forward<_Args>(__args)...);
      |       ^~~~~~~~~~~~~~~~~~~~~~~~~~~~~~~~~~~~~~~~~~~~~~~~~~~~~~~~~~~~~~~~~~
C:/msys64/mingw32/include/c++/15.2.0/bits/stl_construct.h:133:7: error: array must be initialized with a brace-enclosed initializer
[472/677] Building CXX object src/CMakeFiles/Main.dir/source/Render/Models/ModelLoader.cpp.obj
[473/677] Building CXX object src/CMakeFiles/Main.dir/source/Render/Models/ShadowVolume.cpp.obj
[474/677] Building CXX object src/CMakeFiles/Main.dir/source/Render/Effects/ZzzEffectParticle.cpp.obj
[475/677] Building CXX object src/CMakeFiles/Main.dir/source/Network/Server/WSclient.cpp.obj
[476/677] Building CXX object src/CMakeFiles/Main.dir/source/Render/Models/SideHair.cpp.obj
[477/677] Building CXX object src/CMakeFiles/Main.dir/source/Render/Effects/ZzzEffect.cpp.obj
[478/677] Building CXX object src/CMakeFiles/Main.dir/source/Render/Models/ZzzBMD.cpp.obj
ninja: build stopped: subcommand failed.
